// Jest Snapshot v1, https://goo.gl/fbAQLP

exports[`Search snapshot test 1`] = `
<View
  keyboardVerticalOffset={0}
  onLayout={[Function]}
  style={
    Array [
      Object {
        "alignItems": "center",
        "backgroundColor": "#87CEFA",
        "flex": 1,
        "justifyContent": "center",
        "paddingHorizontal": 20,
        "paddingTop": 20,
      },
      Object {
        "paddingBottom": 0,
      },
    ]
  }
>
  <View
    style={
      Object {
        "alignItems": "center",
        "flexGrow": 1,
        "justifyContent": "center",
      }
    }
  >
    <Image
      source={1}
      style={
        Object {
          "height": 200,
          "width": 200,
        }
      }
    />
  </View>
  <Text
    accessible={true}
    allowFontScaling={true}
    disabled={false}
    ellipsizeMode="tail"
    style={
      Object {
        "color": "#fff",
        "fontSize": 20,
        "fontWeight": "700",
        "marginBottom": 30,
        "marginTop": 5,
        "opacity": 0.8,
        "textAlign": "center",
      }
    }
  >
    Welcome to the Home Automation System
  </Text>
  <View>
    <TextInput
      autoCapitalize="none"
      onChangeText={[Function]}
      placeholder="username"
      placeholderTextColor="#800080"
      returnKeyType="next"
      style={
        Object {
          "backgroundColor": "#E0FFFF",
          "color": "#94336A",
          "height": 40,
          "marginBottom": 20,
          "paddingHorizontal": 10,
          "textAlign": "center",
          "width": 200,
        }
      }
    />
    <TextInput
      onChangeText={[Function]}
      placeholder="password"
      placeholderTextColor="#800080"
      returnKeyType="next"
      secureTextEntry={true}
      style={
        Object {
          "backgroundColor": "#E0FFFF",
          "color": "#94336A",
          "height": 40,
          "marginBottom": 20,
          "paddingHorizontal": 10,
          "textAlign": "center",
          "width": 200,
        }
      }
    />
    <TextInput
      keyboardType="email-address"
      onChangeText={[Function]}
      placeholder="email"
      placeholderTextColor="#800080"
      returnKeyType="go"
      style={
        Object {
          "backgroundColor": "#E0FFFF",
          "color": "#94336A",
          "height": 40,
          "marginBottom": 20,
          "paddingHorizontal": 10,
          "textAlign": "center",
          "width": 200,
        }
      }
      validators="required"
    />
    <View
      accessibilityComponentType={undefined}
      accessibilityLabel={undefined}
      accessibilityTraits={undefined}
      accessible={true}
      collapsable={undefined}
      hitSlop={undefined}
      isTVSelectable={true}
      nativeID={undefined}
      onLayout={undefined}
      onResponderGrant={[Function]}
      onResponderMove={[Function]}
      onResponderRelease={[Function]}
      onResponderTerminate={[Function]}
      onResponderTerminationRequest={[Function]}
      onStartShouldSetResponder={[Function]}
      style={
        Object {
          "backgroundColor": "#94336A",
          "height": 40,
          "marginBottom": 20,
          "opacity": 1,
          "paddingVertical": 15,
          "width": 200,
        }
      }
      testID={undefined}
      tvParallaxProperties={undefined}
    >
      <Text
        accessible={true}
        allowFontScaling={true}
        disabled={false}
        ellipsizeMode="tail"
        style={
          Object {
            "color": "#ffffff",
            "fontWeight": "700",
            "marginTop": -5,
            "textAlign": "center",
          }
        }
      >
        Pick image
      </Text>
    </View>
  </View>
  <View
    style={
      Object {
        "backgroundColor": "#87CEFA",
        "flex": 0,
        "flexDirection": "row",
      }
    }
  >
    <View
      accessibilityComponentType={undefined}
      accessibilityLabel={undefined}
      accessibilityTraits={undefined}
      accessible={true}
      hasTVPreferredFocus={undefined}
      hitSlop={undefined}
      isTVSelectable={true}
      nativeID={undefined}
      onLayout={undefined}
      onResponderGrant={[Function]}
      onResponderMove={[Function]}
      onResponderRelease={[Function]}
      onResponderTerminate={[Function]}
      onResponderTerminationRequest={[Function]}
      onStartShouldSetResponder={[Function]}
      style={
        Array [
          Object {
            "backgroundColor": "transparent",
          },
          Object {
            "alignItems": "center",
            "backgroundColor": "#4F1335",
            "borderColor": "#94336A",
            "borderRadius": 10,
            "borderWidth": 1,
            "height": 40,
            "marginBottom": 20,
            "marginLeft": 40,
            "marginRight": 5,
            "paddingVertical": 15,
            "width": 140,
          },
        ]
      }
      testID={undefined}
      tvParallaxProperties={undefined}
    >
      <Text
        accessible={true}
        allowFontScaling={true}
        disabled={false}
        ellipsizeMode="tail"
        style={
          Object {
            "color": "#ffffff",
            "fontWeight": "700",
            "marginTop": -5,
            "textAlign": "center",
          }
        }
      >
        Submit
      </Text>
    </View>
    <View
      accessibilityComponentType={undefined}
      accessibilityLabel={undefined}
      accessibilityTraits={undefined}
      accessible={true}
      hasTVPreferredFocus={undefined}
      hitSlop={undefined}
      isTVSelectable={true}
      nativeID={undefined}
      onLayout={undefined}
      onResponderGrant={[Function]}
      onResponderMove={[Function]}
      onResponderRelease={[Function]}
      onResponderTerminate={[Function]}
      onResponderTerminationRequest={[Function]}
      onStartShouldSetResponder={[Function]}
      style={
        Array [
          Object {
            "backgroundColor": "transparent",
          },
          Object {
            "alignItems": "center",
            "backgroundColor": "#4F1335",
            "borderColor": "#94336A",
            "borderRadius": 10,
            "borderWidth": 1,
            "height": 40,
            "marginBottom": 20,
            "marginLeft": 40,
            "marginRight": 5,
            "paddingVertical": 15,
            "width": 140,
          },
        ]
      }
      testID={undefined}
      tvParallaxProperties={undefined}
    >
      <Text
        accessible={true}
        allowFontScaling={true}
        disabled={false}
        ellipsizeMode="tail"
        style={
          Object {
            "color": "#ffffff",
            "fontWeight": "700",
            "marginTop": -5,
            "textAlign": "center",
          }
        }
      >
        Go back to Login
      </Text>
    </View>
  </View>
</View>
`;
